x: 75
10 > 11: 0
10 < 11: 1
10 == 11: 0
10 == 10: 1
10 != 11: 1
10 != 10: 0
10 >= 11: 0
10 <= 11: 1
10 >= 10: 1
10 <= 10: 1
